// Jest Snapshot v1, https://goo.gl/fbAQLP

exports[`LessonEntry Component matches snapshot 1`] = `
<div>
  <div>
    <div
      class="flex flex-col pt-[64px] gap-[32px]"
    >
      <div>
        <p
          class="font-inter text-base font-semibold leading-5 text-[#121316] pb-[8px]"
        >
          Сэдэв
        </p>
        <input
          class="w-[588px] border-gray-400"
          data-testid="input"
          placeholder="Сонгоно уу"
          value="Initial Topic"
        />
      </div>
      <div>
        <p
          class="font-inter text-base font-semibold leading-5 text-[#121316] pb-[8px]"
        >
          Гарчиг
        </p>
        <input
          class="w-[588px] border-gray-400"
          data-testid="input"
          placeholder="Оруулна уу..."
          value="Initial Title"
        />
      </div>
      <div>
        <p
          class="font-inter text-base font-semibold leading-5 text-[#121316] pb-[8px]"
        >
          Дэлгэрэнгүй
        </p>
        <textarea
          class="pb-[70px] w-[588px] h-[110px] max-h-[200px] border-gray-400"
          data-testid="textarea"
          placeholder="Энд бичнэ үү..."
        >
          Initial Details
        </textarea>
      </div>
    </div>
  </div>
</div>
`;
