<div>
  <div
    data-testid="DetailsContainer"
  >
    <div
      data-testid="DetailsLeft"
    >
      <div
        data-testid="DetailsCard"
      >
        <div
          data-testid="HotelDetailsUpcomingBookings"
        >
          HotelDetailsUpcomingBookings
        </div>
      </div>
      <div
        data-testid="DetailsCard"
      >
        <div
          data-testid="HotelDetailsRoomTypes"
        >
          HotelDetailsRoomTypes
        </div>
      </div>
      <div
        data-testid="DetailsCard"
      >
        <div
          data-testid="HotelDetailsGeneralInfo"
        >
          HotelDetailsGeneralInfo
        </div>
      </div>
      <div
        data-testid="DetailsCard"
      >
        <div
          data-testid="HotelDetailsAmenities"
        >
          HotelDetailsAmenities
        </div>
      </div>
      <div
        data-testid="DetailsCard"
      >
        <div
          data-testid="HotelDetailsAboutThisProperty"
        >
          HotelDetailsAboutThisProperty
        </div>
      </div>
      <div
        data-testid="DetailsCard"
      >
        <div
          data-testid="HotelDetailsPolicies"
        >
          HotelDetailsPolicies
        </div>
      </div>
      <div
        data-testid="DetailsCard"
      >
        <div
          data-testid="HotelDetailsPolicies2"
        >
          HotelDetailsPolicies2
        </div>
      </div>
      <div
        data-testid="DetailsCard"
      >
        <div
          data-testid="HotelDetailsFrequently"
        >
          HotelDetailsFrequently
        </div>
      </div>
    </div>
    <div
      data-testid="DetailsRight"
    >
      <div
        data-testid="DetailsCard"
      >
        <div
          data-testid="HotelDetailsLocation"
        >
          HotelDetailsLocation
        </div>
      </div>
      <div
        data-testid="DetailsCard"
      >
        <div
          data-testid="HotelDetailsImages"
        >
          HotelDetailsImages
        </div>
      </div>
    </div>
  </div>
</div>
`;
