// Jest Snapshot v1, https://goo.gl/fbAQLP

exports[`BookTicket Component should match snapshot 1`] = `
<DocumentFragment>
  <div
    class="py-10   h-screen "
  >
    <nav
      class="flex items-center justify-between border-b-[2px] border-[#27272A] pb-8 px-12"
    >
      <button
        class="MuiButtonBase-root MuiButton-root MuiButton-text MuiButton-textPrimary MuiButton-sizeMedium MuiButton-textSizeMedium MuiButton-colorPrimary MuiButton-root MuiButton-text MuiButton-textPrimary MuiButton-sizeMedium MuiButton-textSizeMedium MuiButton-colorPrimary bg-[#1F1F1F] h-10 w-10 text-white css-1588512-MuiButtonBase-root-MuiButton-root"
        tabindex="0"
        type="button"
      >
        <svg
          fill="currentColor"
          height="1em"
          stroke="currentColor"
          stroke-width="0"
          viewBox="0 0 448 512"
          width="1em"
          xmlns="http://www.w3.org/2000/svg"
        >
          <path
            d="M9.4 233.4c-12.5 12.5-12.5 32.8 0 45.3l160 160c12.5 12.5 32.8 12.5 45.3 0s12.5-32.8 0-45.3L109.2 288 416 288c17.7 0 32-14.3 32-32s-14.3-32-32-32l-306.7 0L214.6 118.6c12.5-12.5 12.5-32.8 0-45.3s-32.8-12.5-45.3 0l-160 160z"
          />
        </svg>
      </button>
      <p
        class="text-2xl font-semibold text-white"
      >
        Тасалбар захиалах
      </p>
      <p />
    </nav>
    <div
      class="my-24 flex justify-around items-center h-fit"
    >
      <div>
        <div
          class=" h-fit  w-fit "
        >
          <div
            class="relative mx-32 my-48"
          >
            <div
              class="relative px-[36px] top-2 left-1"
            >
              <div>
                <svg
                  fill="none"
                  height="92"
                  viewBox="0 0 208 92"
                  width="208"
                  xmlns="http://www.w3.org/2000/svg"
                >
                  <g
                    opacity="0.84"
                  >
                    <path
                      d="M0.262451 17.965C0.262451 8.45809 7.96931 0.751221 17.4762 0.751221H190.563C200.07 0.751221 207.777 8.45808 207.777 17.965V74.3434C207.777 83.8503 200.07 91.5572 190.563 91.5572H17.4762C7.9693 91.5572 0.262451 83.8503 0.262451 74.3434V17.965Z"
                      fill="#09090B"
                    />
                    <path
                      d="M0.262451 17.965C0.262451 8.45809 7.96931 0.751221 17.4762 0.751221H190.563C200.07 0.751221 207.777 8.45808 207.777 17.965V74.3434C207.777 83.8503 200.07 91.5572 190.563 91.5572H17.4762C7.9693 91.5572 0.262451 83.8503 0.262451 74.3434V17.965Z"
                      fill="#09090B"
                    />
                  </g>
                </svg>
              </div>
              <div
                class="absolute w-[200px] h-[80px] rounded-2xl bg-gray-900 top-2 left-10"
              >
                <p
                  class="absolute top-8 left-[76px] font-semibold text-white"
                >
                  ТАЙЗ 
                </p>
              </div>
            </div>
            <div
              class="flex items-end gap-1 absolute -bottom-[64px] left-0"
            >
              <div>
                <svg
                  fill="none"
                  height="56"
                  viewBox="0 0 70 56"
                  width="70"
                  xmlns="http://www.w3.org/2000/svg"
                >
                  <path
                    d="M31.3281 0.642296C39.1351 12.6293 52.5185 11.793 69.8054 11.793V55.2808C35.2316 55.2808 17.8041 47.4753 0.657692 21.2711L31.3281 0.642296Z"
                    fill="#4651C9"
                  />
                </svg>
              </div>
              <div>
                <svg
                  fill="none"
                  height="44"
                  viewBox="0 0 136 44"
                  width="136"
                  xmlns="http://www.w3.org/2000/svg"
                >
                  <path
                    d="M135.216 43.9577H0.824463V0.469971H135.216V43.9577Z"
                    fill="#4651C9"
                  />
                </svg>
              </div>
              <div>
                <svg
                  fill="none"
                  height="56"
                  viewBox="0 0 70 56"
                  width="70"
                  xmlns="http://www.w3.org/2000/svg"
                >
                  <path
                    d="M38.7125 0.642296C30.9055 12.6293 17.522 11.793 0.235107 11.793V55.2808C34.809 55.2808 52.2365 47.4753 69.3828 21.2711L38.7125 0.642296Z"
                    fill="#4651C9"
                  />
                </svg>
              </div>
            </div>
            <div
              class="absolute -top-[16px] -left-[34px]"
            >
              <div>
                <svg
                  fill="none"
                  height="142"
                  viewBox="0 0 66 142"
                  width="66"
                  xmlns="http://www.w3.org/2000/svg"
                >
                  <path
                    d="M15.6984 0.0700684L65.3286 32.1283V109.626L15.6984 141.127C-3.5403 98.1963 -5.21323 41.6065 15.6984 0.0700684Z"
                    fill="#4651C9"
                  />
                </svg>
              </div>
            </div>
            <div
              class="absolute -top-[14px] -right-[38px]"
            >
              <div>
                <svg
                  fill="none"
                  height="142"
                  viewBox="0 0 66 142"
                  width="66"
                  xmlns="http://www.w3.org/2000/svg"
                >
                  <path
                    d="M50.4576 0.0700684L0.827393 32.1283V109.626L50.4576 141.127C69.6963 98.1963 71.3692 41.6065 50.4576 0.0700684Z"
                    fill="#4651C9"
                  />
                </svg>
              </div>
            </div>
            <div
              class="absolute flex items-start gap-1 -top-[44px] left-0"
            >
              <div>
                <svg
                  fill="none"
                  height="56"
                  viewBox="0 0 70 56"
                  width="70"
                  xmlns="http://www.w3.org/2000/svg"
                >
                  <path
                    d="M31.3281 55.1084C39.1351 43.1214 52.5185 43.9577 69.8054 43.9577V0.469971C35.2316 0.469971 17.8041 8.27547 0.657692 34.4796L31.3281 55.1084Z"
                    fill="#4651C9"
                  />
                </svg>
              </div>
              <div>
                <svg
                  fill="none"
                  height="44"
                  viewBox="0 0 136 44"
                  width="136"
                  xmlns="http://www.w3.org/2000/svg"
                >
                  <path
                    d="M135.216 43.9577H0.824463V0.469971H135.216V43.9577Z"
                    fill="#4651C9"
                  />
                </svg>
              </div>
              <div>
                <svg
                  fill="none"
                  height="56"
                  viewBox="0 0 70 56"
                  width="70"
                  xmlns="http://www.w3.org/2000/svg"
                >
                  <path
                    d="M38.7125 55.1084C30.9055 43.1214 17.522 43.9577 0.235107 43.9577V0.469971C34.809 0.469971 52.2365 8.27547 69.3828 34.4796L38.7125 55.1084Z"
                    fill="#4651C9"
                  />
                </svg>
              </div>
            </div>
            <div
              class="absolute -bottom-[154px] -left-[60px] flex items-end gap-1"
            >
              <div>
                <svg
                  fill="none"
                  height="122"
                  viewBox="0 0 130 122"
                  width="130"
                  xmlns="http://www.w3.org/2000/svg"
                >
                  <path
                    d="M57.8695 0.94445C75.9929 29.1 93.5586 36.0692 129.805 36.0692V121.372C68.4647 118.027 24.4109 80.1145 0.432251 37.463L57.8695 0.94445Z"
                    fill="#D7D7F8"
                  />
                </svg>
              </div>
              <div
                class="h-fit gap-1 grid"
              >
                <div>
                  <div>
                    <svg
                      fill="none"
                      height="41"
                      viewBox="0 0 136 41"
                      width="136"
                      xmlns="http://www.w3.org/2000/svg"
                    >
                      <path
                        d="M135.216 0.626419H0.824463V40.2114H135.216V0.626419Z"
                        fill="#4651C9"
                      />
                      <path
                        d="M135.216 0.626419H0.824463V40.2114H135.216V0.626419Z"
                        fill="#D7D7F8"
                      />
                    </svg>
                  </div>
                </div>
                <div>
                  <div>
                    <svg
                      fill="none"
                      height="44"
                      viewBox="0 0 136 44"
                      width="136"
                      xmlns="http://www.w3.org/2000/svg"
                    >
                      <path
                        d="M135.216 43.7527H0.824463V0.82251H135.216V43.7527Z"
                        fill="#D7D7F8"
                      />
                    </svg>
                  </div>
                </div>
              </div>
              <div>
                <svg
                  fill="none"
                  height="122"
                  viewBox="0 0 130 122"
                  width="130"
                  xmlns="http://www.w3.org/2000/svg"
                >
                  <path
                    d="M72.171 0.944443C54.0476 29.1 36.4819 36.0692 0.235107 36.0692V121.372C61.5758 118.027 105.63 80.1145 129.608 37.463L72.171 0.944443Z"
                    fill="#D7D7F8"
                  />
                </svg>
              </div>
            </div>
            <div
              class="absolute -top-[42px] -left-[92px] "
            >
              <div>
                <svg
                  fill="none"
                  height="196"
                  viewBox="0 0 70 196"
                  width="70"
                  xmlns="http://www.w3.org/2000/svg"
                >
                  <path
                    d="M28.6438 0.469971L69.9094 26.6741C48.4402 69.8831 47.6037 124.8 69.6306 170.518L28.6438 195.05C12.4722 170.518 0.761696 134.613 0.761696 95.8085C0.761696 57.0041 16.6545 17.196 28.6438 0.469971Z"
                    fill="#C772C4"
                  />
                </svg>
              </div>
            </div>
            <div
              class="absolute -top-[42px] -right-[96px]"
            >
              <div>
                <svg
                  fill="none"
                  height="196"
                  viewBox="0 0 70 196"
                  width="70"
                  xmlns="http://www.w3.org/2000/svg"
                >
                  <path
                    d="M41.5112 0.469971L0.245605 26.6741C21.7149 69.8831 22.5513 124.8 0.524427 170.518L41.5112 195.05C57.6828 170.518 69.3933 134.613 69.3933 95.8085C69.3933 57.0041 53.5005 17.196 41.5112 0.469971Z"
                    fill="#C772C4"
                  />
                </svg>
              </div>
            </div>
            <div
              class="absolute -top-[132px] -left-[60px] flex items-start gap-1"
            >
              <div>
                <svg
                  fill="none"
                  height="121"
                  viewBox="0 0 130 121"
                  width="130"
                  xmlns="http://www.w3.org/2000/svg"
                >
                  <path
                    d="M57.8695 120.808C75.9929 92.6522 93.5586 85.683 129.805 85.683V0.380127C68.4647 3.72534 24.4109 41.6377 0.432251 84.2892L57.8695 120.808Z"
                    fill="#D7D7F8"
                  />
                </svg>
              </div>
              <div
                class="h-fit gap-1 grid"
              >
                <div>
                  <div>
                    <svg
                      fill="none"
                      height="44"
                      viewBox="0 0 136 44"
                      width="136"
                      xmlns="http://www.w3.org/2000/svg"
                    >
                      <path
                        d="M135.216 43.7527H0.824463V0.82251H135.216V43.7527Z"
                        fill="#D7D7F8"
                      />
                    </svg>
                  </div>
                </div>
                <div>
                  <div>
                    <svg
                      fill="none"
                      height="41"
                      viewBox="0 0 136 41"
                      width="136"
                      xmlns="http://www.w3.org/2000/svg"
                    >
                      <path
                        d="M135.216 0.626419H0.824463V40.2114H135.216V0.626419Z"
                        fill="#4651C9"
                      />
                      <path
                        d="M135.216 0.626419H0.824463V40.2114H135.216V0.626419Z"
                        fill="#D7D7F8"
                      />
                    </svg>
                  </div>
                </div>
              </div>
              <div>
                <svg
                  fill="none"
                  height="121"
                  viewBox="0 0 130 121"
                  width="130"
                  xmlns="http://www.w3.org/2000/svg"
                >
                  <path
                    d="M72.1711 120.808C54.0477 92.6522 36.4819 85.683 0.235107 85.683V0.380127C61.5758 3.72534 105.63 41.6377 129.608 84.2892L72.1711 120.808Z"
                    fill="#D7D7F8"
                  />
                </svg>
              </div>
            </div>
            <div
              class="absolute -bottom-[214px] -left-[116px] flex items-end gap-1 "
            >
              <div>
                <svg
                  fill="none"
                  height="140"
                  viewBox="0 0 186 140"
                  width="186"
                  xmlns="http://www.w3.org/2000/svg"
                >
                  <path
                    d="M0.668213 31.504L45.7476 0.219482C83.4556 63.6266 136.757 85.6933 185.806 86.8106V139.603C97.348 132.62 25.6178 70.0511 0.668213 31.504Z"
                    fill="#D7D7F8"
                  />
                </svg>
              </div>
              <div>
                <svg
                  fill="none"
                  height="53"
                  viewBox="0 0 136 53"
                  width="136"
                  xmlns="http://www.w3.org/2000/svg"
                >
                  <path
                    d="M135.216 52.5572H0.824463V0.148926H135.216V52.5572Z"
                    fill="#D7D7F8"
                  />
                </svg>
              </div>
              <div>
                <svg
                  fill="none"
                  height="140"
                  viewBox="0 0 186 140"
                  width="186"
                  xmlns="http://www.w3.org/2000/svg"
                >
                  <path
                    d="M185.372 31.504L140.292 0.219482C102.584 63.6266 49.2831 85.6933 0.234375 86.8106V139.603C88.6921 132.62 160.422 70.0511 185.372 31.504Z"
                    fill="#D7D7F8"
                  />
                </svg>
              </div>
            </div>
            <div
              class="absolute -left-[156px] -top-[84px] rotate-1"
            >
              <div>
                <svg
                  fill="none"
                  height="277"
                  viewBox="0 0 86 277"
                  width="86"
                  xmlns="http://www.w3.org/2000/svg"
                >
                  <path
                    d="M40.3227 0.165283L85.2129 30.551C30.7872 123.325 62.5355 212.122 85.2129 244.923L40.3227 276.424C-19.3453 185.825 -7.07676 70.6935 40.3227 0.165283Z"
                    fill="#C772C4"
                  />
                </svg>
              </div>
            </div>
            <div
              class="absolute -right-[160px] -top-[84px] -rotate-1"
            >
              <div>
                <svg
                  fill="none"
                  height="277"
                  viewBox="0 0 86 277"
                  width="86"
                  xmlns="http://www.w3.org/2000/svg"
                >
                  <path
                    d="M45.0821 0.727783L0.191879 31.1135C54.6176 123.887 22.8693 212.684 0.191879 245.486L45.0821 276.987C104.75 186.387 92.4815 71.256 45.0821 0.727783Z"
                    fill="#C772C4"
                  />
                </svg>
              </div>
            </div>
            <div
              class="absolute -top-[196px] -left-[110px] flex items-start gap-1 "
            >
              <div>
                <svg
                  fill="none"
                  height="140"
                  viewBox="0 0 186 140"
                  width="180"
                  xmlns="http://www.w3.org/2000/svg"
                >
                  <path
                    d="M0.668213 108.248L45.7476 139.533C83.4556 76.1256 136.757 54.0589 185.806 52.9416V0.14888C97.348 7.13203 25.6178 69.7011 0.668213 108.248Z"
                    fill="#D7D7F8"
                  />
                </svg>
              </div>
              <div>
                <svg
                  fill="none"
                  height="53"
                  viewBox="0 0 136 53"
                  width="136"
                  xmlns="http://www.w3.org/2000/svg"
                >
                  <path
                    d="M135.216 52.5572H0.824463V0.148926H135.216V52.5572Z"
                    fill="#D7D7F8"
                  />
                </svg>
              </div>
              <div>
                <svg
                  fill="none"
                  height="140"
                  viewBox="0 0 186 140"
                  width="180"
                  xmlns="http://www.w3.org/2000/svg"
                >
                  <path
                    d="M185.372 108.248L140.292 139.533C102.584 76.1256 49.283 54.0589 0.23436 52.9416V0.14888C88.6921 7.13203 160.422 69.7011 185.372 108.248Z"
                    fill="#D7D7F8"
                  />
                </svg>
              </div>
            </div>
          </div>
        </div>
      </div>
      <div
        class="bg-[#131313] rounded-2xl px-6 "
      >
        <div
          class="h-fit grid gap-2 py-6"
        >
          <p
            class="opacity-50 text-white"
          >
            Тоглолт үзэх өдрөө сонгоно уу.
          </p>
          <button
            aria-autocomplete="none"
            aria-controls="radix-:r0:"
            aria-expanded="false"
            class="flex h-10 items-center justify-between rounded-md border border-input px-3 py-2 text-sm ring-offset-background placeholder:text-muted-foreground focus:outline-none focus:ring-2 focus:ring-ring focus:ring-offset-2 disabled:cursor-not-allowed disabled:opacity-50 [&>span]:line-clamp-1 w-[300px] text-[#FAFAFA] bg-[#27272A]"
            data-placeholder=""
            data-state="closed"
            dir="ltr"
            role="combobox"
            type="button"
          >
            <span
              style="pointer-events: none;"
            >
              Өдөр сонгох
            </span>
            <svg
              aria-hidden="true"
              class="lucide lucide-chevron-down w-4 h-4 opacity-50"
              fill="none"
              height="24"
              stroke="currentColor"
              stroke-linecap="round"
              stroke-linejoin="round"
              stroke-width="2"
              viewBox="0 0 24 24"
              width="24"
              xmlns="http://www.w3.org/2000/svg"
            >
              <path
                d="m6 9 6 6 6-6"
              />
            </svg>
          </button>
        </div>
        <div>
          <div
            class="flex items-center py-4 justify-between gap-2 border-t-[2px] border-dashed border-[#27272A]"
          >
            <div
              class="flex items-center"
            >
              <svg
                class="w-8 h-8 "
                fill="currentColor"
                height="1em"
                stroke="currentColor"
                stroke-width="0"
                style="color: rgb(199, 114, 196);"
                viewBox="0 0 24 24"
                width="1em"
                xmlns="http://www.w3.org/2000/svg"
              >
                <path
                  d="M12 18a6 6 0 1 0 0-12 6 6 0 0 0 0 12Z"
                />
              </svg>
              <div>
                <p
                  class="text-[12px] "
                  style="color: rgb(199, 114, 196);"
                >
                  Завсарын тасалбар (38)
                </p>
                <p
                  class="text-[16px] text-white"
                >
                  99’000₮
                </p>
              </div>
            </div>
            <div
              class="flex items-center gap-4  "
            >
              <div
                class="px-4 py-2 rounded-xl border border-[#27272A] text-white bg-[#1F1F1F] cursor-pointer"
              >
                -
              </div>
              <p
                class="text-white"
              >
                 0
              </p>
              <div
                class="px-4 py-2 rounded-xl border border-[#27272A] text-white bg-[#1F1F1F] cursor-pointer"
              >
                +
              </div>
            </div>
          </div>
          <div
            class="flex items-center py-4 justify-between gap-2 border-t-[2px] border-dashed border-[#27272A]"
          >
            <div
              class="flex items-center"
            >
              <svg
                class="w-8 h-8 "
                fill="currentColor"
                height="1em"
                stroke="currentColor"
                stroke-width="0"
                style="color: rgb(215, 215, 248);"
                viewBox="0 0 24 24"
                width="1em"
                xmlns="http://www.w3.org/2000/svg"
              >
                <path
                  d="M12 18a6 6 0 1 0 0-12 6 6 0 0 0 0 12Z"
                />
              </svg>
              <div>
                <p
                  class="text-[12px] "
                  style="color: rgb(215, 215, 248);"
                >
                  Арын тасалбар (24)
                </p>
                <p
                  class="text-[16px] text-white"
                >
                  89’000₮
                </p>
              </div>
            </div>
            <div
              class="flex items-center gap-4  "
            >
              <div
                class="px-4 py-2 rounded-xl border border-[#27272A] text-white bg-[#1F1F1F] cursor-pointer"
              >
                -
              </div>
              <p
                class="text-white"
              >
                 0
              </p>
              <div
                class="px-4 py-2 rounded-xl border border-[#27272A] text-white bg-[#1F1F1F] cursor-pointer"
              >
                +
              </div>
            </div>
          </div>
          <div
            class="flex items-center py-4 justify-between gap-2 border-t-[2px] border-dashed border-[#27272A]"
          >
            <div
              class="flex items-center"
            >
              <svg
                class="w-8 h-8 "
                fill="currentColor"
                height="1em"
                stroke="currentColor"
                stroke-width="0"
                style="color: rgb(70, 81, 201);"
                viewBox="0 0 24 24"
                width="1em"
                xmlns="http://www.w3.org/2000/svg"
              >
                <path
                  d="M12 18a6 6 0 1 0 0-12 6 6 0 0 0 0 12Z"
                />
              </svg>
              <div>
                <p
                  class="text-[12px] "
                  style="color: rgb(70, 81, 201);"
                >
                  Нүүрний тасалбар  (15)
                </p>
                <p
                  class="text-[16px] text-white"
                >
                  79’000₮
                </p>
              </div>
            </div>
            <div
              class="flex items-center gap-4  "
            >
              <div
                class="px-4 py-2 rounded-xl border border-[#27272A] text-white bg-[#1F1F1F] cursor-pointer"
              >
                -
              </div>
              <p
                class="text-white"
              >
                 0
              </p>
              <div
                class="px-4 py-2 rounded-xl border border-[#27272A] text-white bg-[#1F1F1F] cursor-pointer"
              >
                +
              </div>
            </div>
          </div>
        </div>
        <div
          class="h-fit grid gap-4 mt-6"
        >
          <div
            class="flex justify-between text-[#A1A1AA]"
          >
            <p>
              Энгийн тасалбар x 3
            </p>
            <p>
              267’000₮
            </p>
          </div>
          <div
            class="flex justify-between text-[#A1A1AA]"
          >
            <p>
              VIP тасалбар x 2
            </p>
            <p>
              267’000₮
            </p>
          </div>
          <div
            class="flex justify-between "
          >
            <p
              class="text-[#A1A1AA]"
            >
              Нийт төлөх дүн:
            </p>
            <p
              class="text-[20px] font-bold text-white"
            >
              258’000₮
            </p>
          </div>
        </div>
        <button
          class="MuiButtonBase-root MuiButton-root MuiButton-text MuiButton-textPrimary MuiButton-sizeMedium MuiButton-textSizeMedium MuiButton-colorPrimary MuiButton-root MuiButton-text MuiButton-textPrimary MuiButton-sizeMedium MuiButton-textSizeMedium MuiButton-colorPrimary bg-[#00B7F4] text-black w-full py-2 px-4 my-6 css-1588512-MuiButtonBase-root-MuiButton-root"
          tabindex="0"
          type="button"
        >
          Тасалбар авах
        </button>
      </div>
    </div>
  </div>
</DocumentFragment>
`;
